2026-10-03 16:47:47.944: [INFO] CurrentProfilePath: C:\SBMS\.metadata\.plugins\org.eclipse.swt\EBWebView\Default
2026-10-03 16:47:47.944: [INFO] Profiles total count: 1
2026-10-03 16:47:47.944: [INFO] Profile: name=Profile 1 path=C:\SBMS\.metadata\.plugins\org.eclipse.swt\EBWebView\Default lastActive=null
2026-10-03 16:47:47.944: [INFO] LastUsedProfileDir: C:\SBMS\.metadata\.plugins\org.eclipse.swt\EBWebView\Default
2026-10-03 16:47:47.944: [INFO] OnDoneLoading sync enabled: 0
2026-10-03 16:47:47.944: [INFO] BookmarkModelLoaded, ids_reassigned: 0
2026-10-03 16:47:47.944: [INFO] BookmarksLoadDropped droppedNodes=0
2026-10-03 16:47:47.944: [INFO] BookmarksSnapshot Startup total=0 bar=0 other=0 mobile=0 showBar=0 showBarNTP=1
2026-10-03 16:47:58.235: [INFO] BookmarksSnapshot Shutdown total=0 bar=0 other=0 mobile=0 showBar=0 showBarNTP=1
2026-10-03 16:48:09.560: [INFO] CurrentProfilePath: C:\SBMS\.metadata\.plugins\org.eclipse.swt\EBWebView\Default
2026-10-03 16:48:09.560: [INFO] Profiles total count: 1
2026-10-03 16:48:09.561: [INFO] Profile: name=Profile 1 path=C:\SBMS\.metadata\.plugins\org.eclipse.swt\EBWebView\Default lastActive=null
2026-10-03 16:48:09.561: [INFO] LastUsedProfileDir: C:\SBMS\.metadata\.plugins\org.eclipse.swt\EBWebView\Default
2026-10-03 16:48:09.561: [INFO] OnDoneLoading sync enabled: 0
2026-10-03 16:48:09.561: [INFO] BookmarkModelLoaded, ids_reassigned: 0
2026-10-03 16:48:09.561: [INFO] BookmarksLoadDropped droppedNodes=0
2026-10-03 16:48:09.561: [INFO] BookmarksSnapshot Startup total=0 bar=0 other=0 mobile=0 showBar=0 showBarNTP=1
2026-10-03 16:49:31.437: [INFO] BookmarksSnapshot Shutdown total=0 bar=0 other=0 mobile=0 showBar=0 showBarNTP=1
2026-10-03 16:49:55.748: [INFO] CurrentProfilePath: C:\SBMS\.metadata\.plugins\org.eclipse.swt\EBWebView\Default
2026-10-03 16:49:55.748: [INFO] Profiles total count: 1
2026-10-03 16:49:55.748: [INFO] Profile: name=Profile 1 path=C:\SBMS\.metadata\.plugins\org.eclipse.swt\EBWebView\Default lastActive=null
2026-10-03 16:49:55.748: [INFO] LastUsedProfileDir: C:\SBMS\.metadata\.plugins\org.eclipse.swt\EBWebView\Default
2026-10-03 16:49:55.748: [INFO] OnDoneLoading sync enabled: 0
2026-10-03 16:49:55.748: [INFO] BookmarkModelLoaded, ids_reassigned: 0
2026-10-03 16:49:55.748: [INFO] BookmarksLoadDropped droppedNodes=0
2026-10-03 16:49:55.748: [INFO] BookmarksSnapshot Startup total=0 bar=0 other=0 mobile=0 showBar=0 showBarNTP=1
2026-10-03 16:50:10.072: [INFO] BookmarksSnapshot Shutdown total=0 bar=0 other=0 mobile=0 showBar=0 showBarNTP=1
2026-10-03 16:52:08.903: [INFO] CurrentProfilePath: C:\SBMS\.metadata\.plugins\org.eclipse.swt\EBWebView\Default
2026-10-03 16:52:08.903: [INFO] Profiles total count: 1
2026-10-03 16:52:08.903: [INFO] Profile: name=Profile 1 path=C:\SBMS\.metadata\.plugins\org.eclipse.swt\EBWebView\Default lastActive=null
2026-10-03 16:52:08.903: [INFO] LastUsedProfileDir: C:\SBMS\.metadata\.plugins\org.eclipse.swt\EBWebView\Default
2026-10-03 16:52:08.903: [INFO] OnDoneLoading sync enabled: 0
2026-10-03 16:52:08.903: [INFO] BookmarkModelLoaded, ids_reassigned: 0
2026-10-03 16:52:08.903: [INFO] BookmarksLoadDropped droppedNodes=0
2026-10-03 16:52:08.903: [INFO] BookmarksSnapshot Startup total=0 bar=0 other=0 mobile=0 showBar=0 showBarNTP=1
2026-10-03 16:52:18.359: [INFO] BookmarksSnapshot Shutdown total=0 bar=0 other=0 mobile=0 showBar=0 showBarNTP=1
2026-10-03 17:05:53.932: [INFO] CurrentProfilePath: C:\SBMS\.metadata\.plugins\org.eclipse.swt\EBWebView\Default
2026-10-03 17:05:53.932: [INFO] Profiles total count: 1
2026-10-03 17:05:53.932: [INFO] Profile: name=Profile 1 path=C:\SBMS\.metadata\.plugins\org.eclipse.swt\EBWebView\Default lastActive=null
2026-10-03 17:05:53.932: [INFO] LastUsedProfileDir: C:\SBMS\.metadata\.plugins\org.eclipse.swt\EBWebView\Default
2026-10-03 17:05:53.932: [INFO] OnDoneLoading sync enabled: 0
2026-10-03 17:05:53.932: [INFO] BookmarkModelLoaded, ids_reassigned: 0
2026-10-03 17:05:53.932: [INFO] BookmarksLoadDropped droppedNodes=0
2026-10-03 17:05:53.932: [INFO] BookmarksSnapshot Startup total=0 bar=0 other=0 mobile=0 showBar=0 showBarNTP=1
2026-10-03 17:07:13.342: [INFO] BookmarksSnapshot Shutdown total=0 bar=0 other=0 mobile=0 showBar=0 showBarNTP=1
2026-10-03 17:10:51.161: [INFO] CurrentProfilePath: C:\SBMS\.metadata\.plugins\org.eclipse.swt\EBWebView\Default
2026-10-03 17:10:51.161: [INFO] Profiles total count: 1
2026-10-03 17:10:51.161: [INFO] Profile: name=Profile 1 path=C:\SBMS\.metadata\.plugins\org.eclipse.swt\EBWebView\Default lastActive=null
2026-10-03 17:10:51.161: [INFO] LastUsedProfileDir: C:\SBMS\.metadata\.plugins\org.eclipse.swt\EBWebView\Default
2026-10-03 17:10:51.161: [INFO] OnDoneLoading sync enabled: 0
2026-10-03 17:10:51.161: [INFO] BookmarkModelLoaded, ids_reassigned: 0
2026-10-03 17:10:51.161: [INFO] BookmarksLoadDropped droppedNodes=0
2026-10-03 17:10:51.161: [INFO] BookmarksSnapshot Startup total=0 bar=0 other=0 mobile=0 showBar=0 showBarNTP=1
2026-10-03 18:13:18.908: [INFO] BookmarksSnapshot Shutdown total=0 bar=0 other=0 mobile=0 showBar=0 showBarNTP=1
2026-10-03 18:19:37.281: [INFO] CurrentProfilePath: C:\SBMS\.metadata\.plugins\org.eclipse.swt\EBWebView\Default
2026-10-03 18:19:37.281: [INFO] Profiles total count: 1
2026-10-03 18:19:37.281: [INFO] Profile: name=Profile 1 path=C:\SBMS\.metadata\.plugins\org.eclipse.swt\EBWebView\Default lastActive=null
2026-10-03 18:19:37.281: [INFO] LastUsedProfileDir: C:\SBMS\.metadata\.plugins\org.eclipse.swt\EBWebView\Default
2026-10-03 18:19:37.281: [INFO] OnDoneLoading sync enabled: 0
2026-10-03 18:19:37.281: [INFO] BookmarkModelLoaded, ids_reassigned: 0
2026-10-03 18:19:37.281: [INFO] BookmarksLoadDropped droppedNodes=0
2026-10-03 18:19:37.281: [INFO] BookmarksSnapshot Startup total=0 bar=0 other=0 mobile=0 showBar=0 showBarNTP=1
2026-10-04 08:20:54.007: [INFO] BookmarksSnapshot Shutdown total=0 bar=0 other=0 mobile=0 showBar=0 showBarNTP=1
2026-10-04 08:21:48.597: [INFO] CurrentProfilePath: C:\SBMS\.metadata\.plugins\org.eclipse.swt\EBWebView\Default
2026-10-04 08:21:48.597: [INFO] Profiles total count: 1
2026-10-04 08:21:48.597: [INFO] Profile: name=Profile 1 path=C:\SBMS\.metadata\.plugins\org.eclipse.swt\EBWebView\Default lastActive=null
2026-10-04 08:21:48.597: [INFO] LastUsedProfileDir: C:\SBMS\.metadata\.plugins\org.eclipse.swt\EBWebView\Default
2026-10-04 08:21:48.597: [INFO] OnDoneLoading sync enabled: 0
2026-10-04 08:21:48.597: [INFO] BookmarkModelLoaded, ids_reassigned: 0
2026-10-04 08:21:48.597: [INFO] BookmarksLoadDropped droppedNodes=0
2026-10-04 08:21:48.597: [INFO] BookmarksSnapshot Startup total=0 bar=0 other=0 mobile=0 showBar=0 showBarNTP=1
2026-10-04 08:21:52.617: [INFO] BookmarksSnapshot Shutdown total=0 bar=0 other=0 mobile=0 showBar=0 showBarNTP=1
2026-10-04 08:21:52.931: [INFO] CurrentProfilePath: C:\SBMS\.metadata\.plugins\org.eclipse.swt\EBWebView\Default
2026-10-04 08:21:52.931: [INFO] Profiles total count: 1
2026-10-04 08:21:52.931: [INFO] Profile: name=Profile 1 path=C:\SBMS\.metadata\.plugins\org.eclipse.swt\EBWebView\Default lastActive=null
2026-10-04 08:21:52.931: [INFO] LastUsedProfileDir: C:\SBMS\.metadata\.plugins\org.eclipse.swt\EBWebView\Default
2026-10-04 08:21:52.931: [INFO] OnDoneLoading sync enabled: 0
2026-10-04 08:21:52.931: [INFO] BookmarkModelLoaded, ids_reassigned: 0
2026-10-04 08:21:52.931: [INFO] BookmarksLoadDropped droppedNodes=0
2026-10-04 08:21:52.931: [INFO] BookmarksSnapshot Startup total=0 bar=0 other=0 mobile=0 showBar=0 showBarNTP=1
2026-10-04 08:22:19.605: [INFO] BookmarksSnapshot Shutdown total=0 bar=0 other=0 mobile=0 showBar=0 showBarNTP=1
2026-10-04 08:23:01.381: [INFO] CurrentProfilePath: C:\SBMS\.metadata\.plugins\org.eclipse.swt\EBWebView\Default
2026-10-04 08:23:01.381: [INFO] Profiles total count: 1
2026-10-04 08:23:01.381: [INFO] Profile: name=Profile 1 path=C:\SBMS\.metadata\.plugins\org.eclipse.swt\EBWebView\Default lastActive=null
2026-10-04 08:23:01.381: [INFO] LastUsedProfileDir: C:\SBMS\.metadata\.plugins\org.eclipse.swt\EBWebView\Default
2026-10-04 08:23:01.381: [INFO] OnDoneLoading sync enabled: 0
2026-10-04 08:23:01.381: [INFO] BookmarkModelLoaded, ids_reassigned: 0
2026-10-04 08:23:01.381: [INFO] BookmarksLoadDropped droppedNodes=0
2026-10-04 08:23:01.381: [INFO] BookmarksSnapshot Startup total=0 bar=0 other=0 mobile=0 showBar=0 showBarNTP=1
2026-10-04 08:23:10.879: [INFO] BookmarksSnapshot Shutdown total=0 bar=0 other=0 mobile=0 showBar=0 showBarNTP=1
2026-10-04 08:23:49.783: [INFO] CurrentProfilePath: C:\SBMS\.metadata\.plugins\org.eclipse.swt\EBWebView\Default
2026-10-04 08:23:49.783: [INFO] Profiles total count: 1
2026-10-04 08:23:49.783: [INFO] Profile: name=Profile 1 path=C:\SBMS\.metadata\.plugins\org.eclipse.swt\EBWebView\Default lastActive=null
2026-10-04 08:23:49.783: [INFO] LastUsedProfileDir: C:\SBMS\.metadata\.plugins\org.eclipse.swt\EBWebView\Default
2026-10-04 08:23:49.783: [INFO] OnDoneLoading sync enabled: 0
2026-10-04 08:23:49.783: [INFO] BookmarkModelLoaded, ids_reassigned: 0
2026-10-04 08:23:49.783: [INFO] BookmarksLoadDropped droppedNodes=0
2026-10-04 08:23:49.783: [INFO] BookmarksSnapshot Startup total=0 bar=0 other=0 mobile=0 showBar=0 showBarNTP=1
2026-10-04 08:24:11.792: [INFO] BookmarksSnapshot Shutdown total=0 bar=0 other=0 mobile=0 showBar=0 showBarNTP=1
2026-10-04 08:29:22.025: [INFO] CurrentProfilePath: C:\SBMS\.metadata\.plugins\org.eclipse.swt\EBWebView\Default
2026-10-04 08:29:22.025: [INFO] Profiles total count: 1
2026-10-04 08:29:22.026: [INFO] Profile: name=Profile 1 path=C:\SBMS\.metadata\.plugins\org.eclipse.swt\EBWebView\Default lastActive=null
2026-10-04 08:29:22.026: [INFO] LastUsedProfileDir: C:\SBMS\.metadata\.plugins\org.eclipse.swt\EBWebView\Default
2026-10-04 08:29:22.026: [INFO] OnDoneLoading sync enabled: 0
2026-10-04 08:29:22.026: [INFO] BookmarkModelLoaded, ids_reassigned: 0
2026-10-04 08:29:22.026: [INFO] BookmarksLoadDropped droppedNodes=0
2026-10-04 08:29:22.026: [INFO] BookmarksSnapshot Startup total=0 bar=0 other=0 mobile=0 showBar=0 showBarNTP=1
2026-10-04 08:30:19.280: [INFO] BookmarksSnapshot Shutdown total=0 bar=0 other=0 mobile=0 showBar=0 showBarNTP=1
2026-10-04 08:31:33.481: [INFO] CurrentProfilePath: C:\SBMS\.metadata\.plugins\org.eclipse.swt\EBWebView\Default
2026-10-04 08:31:33.481: [INFO] Profiles total count: 1
2026-10-04 08:31:33.481: [INFO] Profile: name=Profile 1 path=C:\SBMS\.metadata\.plugins\org.eclipse.swt\EBWebView\Default lastActive=null
2026-10-04 08:31:33.481: [INFO] LastUsedProfileDir: C:\SBMS\.metadata\.plugins\org.eclipse.swt\EBWebView\Default
2026-10-04 08:31:33.481: [INFO] OnDoneLoading sync enabled: 0
2026-10-04 08:31:33.481: [INFO] BookmarkModelLoaded, ids_reassigned: 0
2026-10-04 08:31:33.481: [INFO] BookmarksLoadDropped droppedNodes=0
2026-10-04 08:31:33.481: [INFO] BookmarksSnapshot Startup total=0 bar=0 other=0 mobile=0 showBar=0 showBarNTP=1
2026-10-04 11:03:35.968: [INFO] BookmarksSnapshot Shutdown total=0 bar=0 other=0 mobile=0 showBar=0 showBarNTP=1
2026-10-04 11:07:58.200: [INFO] CurrentProfilePath: C:\SBMS\.metadata\.plugins\org.eclipse.swt\EBWebView\Default
2026-10-04 11:07:58.200: [INFO] Profiles total count: 1
2026-10-04 11:07:58.201: [INFO] Profile: name=Profile 1 path=C:\SBMS\.metadata\.plugins\org.eclipse.swt\EBWebView\Default lastActive=null
2026-10-04 11:07:58.201: [INFO] LastUsedProfileDir: C:\SBMS\.metadata\.plugins\org.eclipse.swt\EBWebView\Default
2026-10-04 11:07:58.201: [INFO] OnDoneLoading sync enabled: 0
2026-10-04 11:07:58.201: [INFO] BookmarkModelLoaded, ids_reassigned: 0
2026-10-04 11:07:58.201: [INFO] BookmarksLoadDropped droppedNodes=0
2026-10-04 11:07:58.201: [INFO] BookmarksSnapshot Startup total=0 bar=0 other=0 mobile=0 showBar=0 showBarNTP=1
